// Jest Snapshot v1, https://goo.gl/fbAQLP

exports[`Class: Defaults - Base64 1`] = `"HkXzYFWg"`;

exports[`Class: Defaults - Hex 1`] = `"1e45f360"`;

exports[`Class: Defaults 1`] = `"bmVbxYaI"`;

exports[`Class: SHA256 - Base64 1`] = `"A9yvJrOL"`;

exports[`Class: SHA256 - Hex 1`] = `"03dcaf26"`;

exports[`Class: SHA256 1`] = `"eMjdHMlj"`;

exports[`Encode PNG - Base26 1`] = `"bzhtlftv"`;

exports[`Encode PNG - SHA256 1`] = `"mDoTeFvG"`;

exports[`Encode PNG - XXHash64 1`] = `"jwTpPBXK"`;

exports[`Encode PNG 1`] = `"fEGHuKIT"`;

exports[`Encode WOFF - Base26 (alternative) 1`] = `"ziigfute"`;

exports[`Encode WOFF - SHA256 1`] = `"IqPrPXfe"`;

exports[`Encode WOFF - XXHash64 1`] = `"MzYKENbb"`;

exports[`Encode WOFF 1`] = `"cNxsXFOx"`;

exports[`Encode text - Base26 1`] = `"bbfjpwrs"`;

exports[`Encode text - SHA256 1`] = `"BpdHekEB"`;

exports[`Encode text - XXHash64 1`] = `"bQElRAjK"`;

exports[`Encode text - with invalid encoding crashes 1`] = `"Unknown base encoding base51!"`;

exports[`Encode text - with invalid hash crashes 1`] = `"Digest method not supported"`;

exports[`Encode text 1`] = `"cYhjqISb"`;

exports[`FileName PNG 1`] = `"fEGHuKIT.png"`;

exports[`FileName WOFF 1`] = `"cNxsXFOx.woff"`;

exports[`FileName text 1`] = `"cYhjqISb.md"`;
