// Jest Snapshot v1, https://goo.gl/fbAQLP

exports[`Class: Defaults - Base64 1`] = `"acqKwWZJNjc="`;

exports[`Class: Defaults - Hex 1`] = `"69ca8ac166493637"`;

exports[`Class: Defaults 1`] = `"BBhBKYGUhIr"`;

exports[`Class: SHA256 - Base64 1`] = `"A9yvJrOLcTDHCHQMineSc86MSOLP1obgCA/mxE9daiE="`;

exports[`Class: SHA256 - Hex 1`] = `"03dcaf26b38b7130c708740c8a779273ce8c48e2cfd686e0080fe6c44f5d6a21"`;

exports[`Class: SHA256 1`] = `"eMjdHMljxndqZBeKseUgirIJpLEAJzkJYPqzSEUdaXygl"`;

exports[`Encode PNG - Base26 1`] = `"ckrbqwya"`;

exports[`Encode PNG - Farmhash 1`] = `"SAKCwDbT"`;

exports[`Encode PNG - SHA256 1`] = `"TbJLQQkh"`;

exports[`Encode PNG 1`] = `"EJVIlSMa"`;

exports[`Encode PNG with null options 1`] = `"EJVIlSMa"`;

exports[`Encode WOFF - Base26 (alternative) 1`] = `"tmwfjtfl"`;

exports[`Encode WOFF - Farmhash 1`] = `"iTevvBHn"`;

exports[`Encode WOFF - SHA256 1`] = `"qzUDgbQl"`;

exports[`Encode WOFF 1`] = `"jpmdEypL"`;

exports[`Encode text - Base26 1`] = `"fkknifgr"`;

exports[`Encode text - Farmhash 1`] = `"KtZHMeFL"`;

exports[`Encode text - SHA256 1`] = `"gxuQSKsO"`;

exports[`Encode text 1`] = `"eVKeeoqr"`;

exports[`FileName PNG 1`] = `"EJVIlSMa.png"`;

exports[`FileName WOFF 1`] = `"jpmdEypL.woff"`;

exports[`FileName text 1`] = `"eVKeeoqr.md"`;
