// Jest Snapshot v1, https://goo.gl/fbAQLP

exports[`Class: Defaults - Base64 1`] = `"acqKwWZJNjc="`;

exports[`Class: Defaults - Hex 1`] = `"69ca8ac166493637"`;

exports[`Class: Defaults 1`] = `"BBhBKYGUhIr"`;

exports[`Class: SHA256 - Base64 1`] = `"A9yvJrOLcTDHCHQMineSc86MSOLP1obgCA/mxE9daiE="`;

exports[`Class: SHA256 - Hex 1`] = `"03dcaf26b38b7130c708740c8a779273ce8c48e2cfd686e0080fe6c44f5d6a21"`;

exports[`Class: SHA256 1`] = `"eMjdHMljxndqZBeKseUgirIJpLEAJzkJYPqzSEUdaXygl"`;

exports[`Encode PNG - Base26 1`] = `"dsmjqwpz"`;

exports[`Encode PNG - Blake3 1`] = `"idnyplCF"`;

exports[`Encode PNG - SHA256 1`] = `"qEoVezFB"`;

exports[`Encode PNG 1`] = `"blJRsvgs"`;

exports[`Encode PNG with null options 1`] = `"blJRsvgs"`;

exports[`Encode WOFF - Base26 (alternative) 1`] = `"caxddlwl"`;

exports[`Encode WOFF - Blake3 1`] = `"rzSNUOCw"`;

exports[`Encode WOFF - SHA256 1`] = `"eBmQBZKL"`;

exports[`Encode WOFF 1`] = `"IVEGdwpw"`;

exports[`Encode text - Base26 1`] = `"gedyfwcn"`;

exports[`Encode text - Blake3 1`] = `"FPPhggpJ"`;

exports[`Encode text - SHA256 1`] = `"BpdHekEB"`;

exports[`Encode text - with invalid encoding crashes 1`] = `"Unknown base encoding base51!"`;

exports[`Encode text - with invalid hash crashes 1`] = `"Digest method not supported"`;

exports[`Encode text 1`] = `"cbLJWOaQ"`;

exports[`FileName PNG 1`] = `"blJRsvgs.png"`;

exports[`FileName WOFF 1`] = `"IVEGdwpw.woff"`;

exports[`FileName text 1`] = `"cbLJWOaQ.md"`;
